git status
On branch master
Your branch is up-to-date with 'origin/master'.

Changes not staged for commit:
  (use "git add/rm <file>..." to update what will be committed)
  (use "git checkout -- <file>..." to discard changes in working directory)

	[31mmodified:   .Rhistory[m
	[31mmodified:   .Rproj.user/503B2E7/console06/25862087[m
	[31mmodified:   .Rproj.user/503B2E7/console06/INDEX001[m
	[31mmodified:   .Rproj.user/503B2E7/pcs/files-pane.pper[m
	[31mmodified:   .Rproj.user/503B2E7/pcs/source-pane.pper[m
	[31mmodified:   .Rproj.user/503B2E7/pcs/windowlayoutstate.pper[m
	[31mmodified:   .Rproj.user/503B2E7/pcs/workbench-pane.pper[m
	[31mmodified:   .Rproj.user/503B2E7/persistent-state[m
	[31mmodified:   .Rproj.user/503B2E7/saved_source_markers[m
	[31mmodified:   .Rproj.user/503B2E7/sources/prop/6EC3A1A4[m
	[31mmodified:   .Rproj.user/503B2E7/sources/prop/91242F5B[m
	[31mmodified:   .Rproj.user/503B2E7/sources/prop/9B5DD8B0[m
	[31mmodified:   .Rproj.user/503B2E7/sources/prop/BCB896D8[m
	[31mmodified:   .Rproj.user/503B2E7/sources/prop/CAF2540C[m
	[31mmodified:   .Rproj.user/503B2E7/sources/prop/FDB69679[m
	[31mdeleted:    .Rproj.user/503B2E7/sources/s-52B217FF/16BD4D42-contents[m
	[31mdeleted:    .Rproj.user/503B2E7/sources/s-52B217FF/190281AA[m
	[31mdeleted:    .Rproj.user/503B2E7/sources/s-52B217FF/190281AA-contents[m
	[31mdeleted:    .Rproj.user/503B2E7/sources/s-52B217FF/1B698737-contents[m
	[31mdeleted:    .Rproj.user/503B2E7/sources/s-52B217FF/3C20EE22-contents[m
	[31mdeleted:    .Rproj.user/503B2E7/sources/s-52B217FF/4DAE5FDD[m
	[31mdeleted:    .Rproj.user/503B2E7/sources/s-52B217FF/4DAE5FDD-contents[m
	[31mdeleted:    .Rproj.user/503B2E7/sources/s-52B217FF/6A051194[m
	[31mdeleted:    .Rproj.user/503B2E7/sources/s-52B217FF/6A051194-contents[m
	[31mdeleted:    .Rproj.user/503B2E7/sources/s-52B217FF/6F424DAD-contents[m
	[31mdeleted:    .Rproj.user/503B2E7/sources/s-52B217FF/98C97E9D-contents[m
	[31mdeleted:    .Rproj.user/503B2E7/sources/s-52B217FF/9E55888D[m
	[31mdeleted:    .Rproj.user/503B2E7/sources/s-52B217FF/9E55888D-contents[m
	[31mdeleted:    .Rproj.user/503B2E7/sources/s-52B217FF/A5364FEB[m
	[31mdeleted:    .Rproj.user/503B2E7/sources/s-52B217FF/A5364FEB-contents[m
	[31mdeleted:    .Rproj.user/503B2E7/sources/s-52B217FF/A5F1E1EA-contents[m
	[31mdeleted:    .Rproj.user/503B2E7/sources/s-52B217FF/BC14FE32-contents[m
	[31mdeleted:    .Rproj.user/503B2E7/sources/s-52B217FF/CEF52C97[m
	[31mdeleted:    .Rproj.user/503B2E7/sources/s-52B217FF/CEF52C97-contents[m
	[31mdeleted:    .Rproj.user/503B2E7/sources/s-52B217FF/D83663F8-contents[m
	[31mdeleted:    .Rproj.user/503B2E7/sources/s-52B217FF/F73454E2-contents[m
	[31mdeleted:    .Rproj.user/503B2E7/sources/s-52B217FF/lock_file[m
	[31mmodified:   .gitignore[m
	[31mmodified:   global.R[m
	[31mmodified:   server.R[m
	[31mmodified:   ui.R[m
	[31mmodified:   utils/clean_uber_data.R[m
	[31mmodified:   utils/setup.R[m
	[31mmodified:   www/index.html[m

no changes added to commit (use "git add" and/or "git commit -a")
]0;~/Documents/uber_shinyViveks-MacBook-Pro:uber_shiny vivekkatial$ git add global.R 
]0;~/Documents/uber_shinyViveks-MacBook-Pro:uber_shiny vivekkatial$ git add server.R 
]0;~/Documents/uber_shinyViveks-MacBook-Pro:uber_shiny vivekkatial$ git add ui.R 
]0;~/Documents/uber_shinyViveks-MacBook-Pro:uber_shiny vivekkatial$ git utils/clean_uber_data.R 
git: 'utils/clean_uber_data.R' is not a git command. See 'git --help'.
]0;~/Documents/uber_shinyViveks-MacBook-Pro:uber_shiny vivekkatial$ git add set[K[K[Kutils/setup.R 
]0;~/Documents/uber_shinyViveks-MacBook-Pro:uber_shiny vivekkatial$ git add www/index.html 
]0;~/Documents/uber_shinyViveks-MacBook-Pro:uber_shiny vivekkatial$ git commit -a -m "Added mapa[Kping funci[K[K[K[K[K[K[K[K[K[Ks plot for uber data"